INFO:swiftllm.server.engine:Initializing model...
INFO:swiftllm.server.engine:Profiling model...
INFO:swiftllm.server.profiler:[Engine.profiler] Number of GPU blocks: 50 (0.10 GB)
INFO:swiftllm.server.profiler:[Engine.profiler] Number of CPU blocks: 1024 (2.00 GB)
INFO:swiftllm.server.engine:Initializing block manager...
INFO:swiftllm.server.engine:Initializing KV cache and swap...
INFO:swiftllm.server.engine:Model initialized
Engine creation time: 122.44 seconds
Prompt token length:  220
Prefilling phase done
Iteration   0 E2E time: 5076.0834 ms
Iteration   1 E2E time: 71.2617 ms
Iteration   2 E2E time: 71.0950 ms
Iteration   3 E2E time: 71.1012 ms
Iteration   4 E2E time: 71.5716 ms
Iteration   5 E2E time: 71.2039 ms
Iteration   6 E2E time: 71.2405 ms
Iteration   7 E2E time: 71.2270 ms
Iteration   8 E2E time: 71.2314 ms
Iteration   9 E2E time: 71.2083 ms
Iteration  10 E2E time: 71.2544 ms
Iteration  11 E2E time: 71.2570 ms
Iteration  12 E2E time: 71.2207 ms
Iteration  13 E2E time: 71.1836 ms
Iteration  14 E2E time: 71.2250 ms
Iteration  15 E2E time: 71.2148 ms
Rome had begun expanding shortly after the founding of the Roman Republic in the 6th century BC, though not outside the Italian Peninsula until the 3rd century BC. Thus, it was an "empire" (a great power) long before it had an emperor.[21] The Republic was not a nation-state in the modern sense, but a network of self-ruled towns (with varying degrees of independence from the Senate) and provinces administered by military commanders. It was governed by annually elected magistrates (Roman consuls above all) in conjunction with the Senate.[22] The 1st century BC was a time of political and military upheaval, which ultimately led to rule by emperors.[23][24][25] The consuls' military power rested in the Roman legal concept of imperium, meaning "command" (typically in a military sense).[26] Occasionally, successful consuls or generals were given the honorary title imperator (commander); this is the origin of the word emperor, since this title was always bestowed upon the emperor.
The Roman| Empire emerged from the Roman Republic when Julius Caesar, in 46 BC, was appointed
Rome had begun expanding shortly after the founding of the Roman Republic in the 6th century BC, though not outside the Italian Peninsula until the 3rd century BC. Thus, it was an "empire" (a great power) long before it had an emperor.[21] The Republic was not a nation-state in the modern sense, but a network of self-ruled towns (with varying degrees of independence from the Senate) and provinces administered by military commanders. It was governed by annually elected magistrates (Roman consuls above all) in conjunction with the Senate.[22] The 1st century BC was a time of political and military upheaval, which ultimately led to rule by emperors.[23][24][25] The consuls' military power rested in the Roman legal concept of imperium, meaning "command" (typically in a military sense).[26] Occasionally, successful consuls or generals were given the honorary title imperator (commander); this is the origin of the word emperor, since this title was always bestowed upon the emperor.
The Roman| Empireostost402402287 https287ost Pret Quintnsnsns pretenariozel
Rome had begun expanding shortly after the founding of the Roman Republic in the 6th century BC, though not outside the Italian Peninsula until the 3rd century BC. Thus, it was an "empire" (a great power) long before it had an emperor.[21] The Republic was not a nation-state in the modern sense, but a network of self-ruled towns (with varying degrees of independence from the Senate) and provinces administered by military commanders. It was governed by annually elected magistrates (Roman consuls above all) in conjunction with the Senate.[22] The 1st century BC was a time of political and military upheaval, which ultimately led to rule by emperors.[23][24][25] The consuls' military power rested in the Roman legal concept of imperium, meaning "command" (typically in a military sense).[26] Occasionally, successful consuls or generals were given the honorary title imperator (commander); this is the origin of the word emperor, since this title was always bestowed upon the emperor.
The Roman| Empireilstilstilstilstilstilstilstilstilstilstilst/***//***/Enlargeilstilst
