INFO:swiftllm.server.engine:Initializing model...
INFO:swiftllm.server.engine:Profiling model...
INFO:swiftllm.server.profiler:[Engine.profiler] Number of GPU blocks: 50 (0.40 GB)
INFO:swiftllm.server.profiler:[Engine.profiler] Number of CPU blocks: 256 (2.00 GB)
INFO:swiftllm.server.engine:Initializing block manager...
INFO:swiftllm.server.engine:Initializing KV cache and swap...
INFO:swiftllm.server.engine:Model initialized
Engine creation time: 17.55 seconds
Prompt token length:  250
Prefilling phase done
Iteration   0 E2E time: 6278.4925 ms
Iteration   1 E2E time: 62.8152 ms
Iteration   2 E2E time: 62.7644 ms
Iteration   3 E2E time: 62.8252 ms
Iteration   4 E2E time: 62.7572 ms
Iteration   5 E2E time: 62.8350 ms
Iteration   6 E2E time: 156.9645 ms
Iteration   7 E2E time: 62.6254 ms
Iteration   8 E2E time: 62.6276 ms
Iteration   9 E2E time: 62.5909 ms
Iteration  10 E2E time: 62.6941 ms
Iteration  11 E2E time: 62.6284 ms
Iteration  12 E2E time: 62.6930 ms
Iteration  13 E2E time: 62.6082 ms
Iteration  14 E2E time: 62.6458 ms
Iteration  15 E2E time: 62.6044 ms
Rome had begun expanding shortly after the founding of the Roman Republic in the 6th century BC, though not outside the Italian Peninsula until the 3rd century BC. Thus, it was an "empire" (a great power) long before it had an emperor.[21] The Republic was not a nation-state in the modern sense, but a network of self-ruled towns (with varying degrees of independence from the Senate) and provinces administered by military commanders. It was governed by annually elected magistrates (Roman consuls above all) in conjunction with the Senate.[22] The 1st century BC was a time of political and military upheaval, which ultimately led to rule by emperors.[23][24][25] The consuls' military power rested in the Roman legal concept of imperium, meaning "command" (typically in a military sense).[26] Occasionally, successful consuls or generals were given the honorary title imperator (commander); this is the origin of the word emperor, since this title was always bestowed upon the emperor.
The Roman|Empire was the post-Republican period of the ancient Roman civilization, character
Rome had begun expanding shortly after the founding of the Roman Republic in the 6th century BC, though not outside the Italian Peninsula until the 3rd century BC. Thus, it was an "empire" (a great power) long before it had an emperor.[21] The Republic was not a nation-state in the modern sense, but a network of self-ruled towns (with varying degrees of independence from the Senate) and provinces administered by military commanders. It was governed by annually elected magistrates (Roman consuls above all) in conjunction with the Senate.[22] The 1st century BC was a time of political and military upheaval, which ultimately led to rule by emperors.[23][24][25] The consuls' military power rested in the Roman legal concept of imperium, meaning "command" (typically in a military sense).[26] Occasionally, successful consuls or generals were given the honorary title imperator (commander); this is the origin of the word emperor, since this title was always bestowed upon the emperor.
The Roman|Empire was the post-Republican period of the ancient Roman civilization, character
Rome had begun expanding shortly after the founding of the Roman Republic in the 6th century BC, though not outside the Italian Peninsula until the 3rd century BC. Thus, it was an "empire" (a great power) long before it had an emperor.[21] The Republic was not a nation-state in the modern sense, but a network of self-ruled towns (with varying degrees of independence from the Senate) and provinces administered by military commanders. It was governed by annually elected magistrates (Roman consuls above all) in conjunction with the Senate.[22] The 1st century BC was a time of political and military upheaval, which ultimately led to rule by emperors.[23][24][25] The consuls' military power rested in the Roman legal concept of imperium, meaning "command" (typically in a military sense).[26] Occasionally, successful consuls or generals were given the honorary title imperator (commander); this is the origin of the word emperor, since this title was always bestowed upon the emperor.
The Roman|Empire was the post-Republican period of the ancient Roman civilization, character
